---
source: tests/compile.rs
expression: wgsl
---

struct Uniforms {
    u_resolution: vec2f,
    u_time: f32,
    u_control_checkerboard3_color1: vec4f,
    u_control_checkerboard3_color2: vec4f,
    u_control_checkerboard3_frequency: f32,
    u_control_checkerboard4_color1: vec4f,
    u_control_checkerboard4_color2: vec4f,
    u_control_checkerboard4_frequency: f32,
    u_control_vignette5_radius: f32,
    u_control_vignette5_softness: f32,
}
@group(0) @binding(0) var<uniform> u: Uniforms;

fn checkerboard3_output(uv: vec2f) -> vec4f {
    let frequency = u.u_control_checkerboard3_frequency;
    let scaled_uv = uv * (frequency / 2.0);
    let grid = floor(scaled_uv);
    let checker = floor_mod(grid.x + grid.y, 2.0);
    let c1 = u.u_control_checkerboard3_color1;
    let c2 = u.u_control_checkerboard3_color2;
    return mix(c1, c2, checker);
}

fn checkerboard4_output(uv: vec2f) -> vec4f {
    let frequency = u.u_control_checkerboard4_frequency;
    let scaled_uv = uv * (frequency / 2.0);
    let grid = floor(scaled_uv);
    let checker = floor_mod(grid.x + grid.y, 2.0);
    let c1 = u.u_control_checkerboard4_color1;
    let c2 = u.u_control_checkerboard4_color2;
    return mix(c1, c2, checker);
}

fn vignette5_mask(uv: vec2f) -> f32 {
    let radius = u.u_control_vignette5_radius;
    let softness = max(u.u_control_vignette5_softness, 1e-4);
    let mask = 1.0 - smoothstep(radius - softness, radius + softness, length(uv));
    return mask;
}

fn layerblend1_output(uv: vec2f) -> vec4f {
    let bg = checkerboard3_output(uv);
    let fg = checkerboard4_output(uv);
    let w = fg.a * clamp(vignette5_mask(uv), 0.0, 1.0);
    let blended = mix(bg.rgb, fg.rgb, w);
    return vec4f(blended, w + bg.a * (1.0 - w));
}

@fragment
fn fs_main(@builtin(position) frag_coord: vec4f) -> @location(0) vec4f {
    let screenUV = frag_coord.xy / u.u_resolution;
    let aspectRatio = u.u_resolution.x / u.u_resolution.y;
    let uv = vec2f((2.0 * screenUV.x - 1.0) * aspectRatio, 2.0 * screenUV.y - 1.0);
    return layerblend1_output(uv);
}
