---
source: tests/compile.rs
expression: wgsl
---

struct Uniforms {
    u_resolution: vec2f,
    u_time: f32,
    u_control_checkerboard3_color1: vec4f,
    u_control_checkerboard3_color2: vec4f,
    u_control_checkerboard3_frequency: f32,
    u_control_vignette4_radius: f32,
    u_control_vignette4_softness: f32,
}
@group(0) @binding(0) var<uniform> u: Uniforms;

fn rgb2hsv(c: vec3f) -> vec3f {
    let K = vec4f(0.0, -1.0 / 3.0, 2.0 / 3.0, -1.0);
    let p = mix(vec4f(c.bg, K.wz), vec4f(c.gb, K.xy), step(c.b, c.g));
    let q = mix(vec4f(p.xyw, c.r), vec4f(c.r, p.yzx), step(p.x, c.r));
    let d = q.x - min(q.w, q.y);
    let e = 1.0e-10;
    return vec3f(abs(q.z + (q.w - q.y) / (6.0 * d + e)), d / (q.x + e), q.x);
}

fn hsv2rgb(c: vec3f) -> vec3f {
    let K = vec4f(1.0, 2.0 / 3.0, 1.0 / 3.0, 3.0);
    let p = abs(fract(c.xxx + K.xyz) * 6.0 - K.www);
    return c.z * mix(K.xxx, clamp(p - K.xxx, vec3f(0.0), vec3f(1.0)), c.y);
}

fn checkerboard3_output(uv: vec2f) -> vec4f {
    let frequency = u.u_control_checkerboard3_frequency;
    let scaled_uv = uv * (frequency / 2.0);
    let grid = floor(scaled_uv);
    let checker = floor_mod(grid.x + grid.y, 2.0);
    let c1 = u.u_control_checkerboard3_color1;
    let c2 = u.u_control_checkerboard3_color2;
    return mix(c1, c2, checker);
}

fn vignette4_mask(uv: vec2f) -> f32 {
    let radius = u.u_control_vignette4_radius;
    let softness = max(u.u_control_vignette4_softness, 1e-4);
    let mask = 1.0 - smoothstep(radius - softness, radius + softness, length(uv));
    return mask;
}

fn vibrance1_output(uv: vec2f) -> vec4f {
    let color = unpremultiply(checkerboard3_output(uv));
    var hsv = rgb2hsv(color.rgb);
    let amount = vignette4_mask(uv);
    let weight = select(hsv.y, 1.0 - hsv.y, amount >= 0.0);
    hsv.y = clamp(hsv.y + amount * weight, 0.0, 1.0);
    return premultiply(vec4f(hsv2rgb(hsv), color.a));
}

@fragment
fn fs_main(@builtin(position) frag_coord: vec4f) -> @location(0) vec4f {
    let screenUV = frag_coord.xy / u.u_resolution;
    let aspectRatio = u.u_resolution.x / u.u_resolution.y;
    let uv = vec2f((2.0 * screenUV.x - 1.0) * aspectRatio, 2.0 * screenUV.y - 1.0);
    return vibrance1_output(uv);
}
